The folder contains the blessed good version of the image produced by the test
Update when/if the results are deemed to have changed but are still valid
